// Jest Snapshot v1, https://goo.gl/fbAQLP

exports[`/home/usul/FocusReactive/GitNation/ReactAdvanced.com/build/coc.html 1`] = `
"<!DOCTYPE html>
<html lang=\\"en\\">
  <head>
    <meta charset=\\"utf-8\\" />
    <title>Code of conduct</title>
    <meta name=\\"viewport\\" content=\\"width=device-width, initial-scale=1.0\\" />
    <meta name=\\"keywords\\" content=\\"ReactJS, React, React Native, Reason, GraphQL framework, JavaScript, development, Facebook, workshops, conference\\" />
    <meta name=\\"description\\" content=\\"React Advanced is London based community and a conference, addressing most complex and trickiest to solve topics. Engineers of any level are welcome, but be prepared for hardcore.\\" />
    <meta http-equiv=\\"X-UA-Compatible\\" content=\\"IE=edge\\" />
    <link rel=\\"stylesheet\\" href=\\"css/style96201c.css?15102019\\" />
    <meta property=\\"og:url\\" content=\\"https://reactadvanced.com\\" />
    <meta property=\\"og:title\\" content=\\"React Advanced London Conference, Oct 21-23, 2020\\" />
    <meta property=\\"og:description\\" content=\\"React Advanced is London based community and a conference, addressing most complex and trickiest to solve topics. Engineers of any level are welcome, but be prepared for hardcore.\\" />
    <meta property=\\"og:image\\" content=\\"https://reactadvanced.com/pic/og-2020.png\\" />
    <meta name=\\"twitter:card\\" content=\\"summary_large_image\\" />
    <meta name=\\"twitter:site\\" content=\\"@reactadvanced\\" />
    <link rel=\\"shortcut icon\\" href=\\"img/favicon.png\\" />
  </head>
  <body>
    <div class=\\"wrapper\\">
      <button class=\\"menu-toggle\\">
        <span></span>
        <span></span>
      </button>
      <header class=\\"header\\">
        <div class=\\"container\\">
          <div class=\\"header__logo\\">
            <div class=\\"logo-mini ir\\">
              <a href=\\"/\\" class=\\"logo-mini__link\\">React Advanced London</a>
            </div>
          </div>
          <div class=\\"header__nav\\">
            <nav class=\\"nav\\">
              <li class=\\"nav__item\\"><a class=\\"nav__link\\" href=\\"https://ti.to/gitnation/react-advanced-conference-2020\\">Tickets</a></li>
              <li class=\\"nav__item\\"><a class=\\"nav__link\\" href=\\"/\\">Conference page</a></li>
              <li class=\\"nav__item\\"><a class=\\"nav__link js-scroll-to\\" href=\\"/faq\\">FAQ</a></li>
            </nav>
          </div>
          <div class=\\"header__scls\\">
            <ul class=\\"scls\\">
              <li class=\\"scls__item\\">
                <a href=\\"http://reactadvanced.com/slack\\" target=\\"_blank\\" class=\\"scls__link\\">
                  <svg class=\\"scls__img sclsl\\" role=\\"img\\" aria-hidden=\\"true\\">
                    <use xmlns:xlink=\\"http://www.w3.org/1999/xlink\\" xlink:href=\\"img/sprite-inline.svg?v4#sclsl\\"></use>
                  </svg>
                </a>
              </li>
              <li class=\\"scls__item\\">
                <a href=\\"http://twitter.com/reactadvanced\\" target=\\"_blank\\" class=\\"scls__link\\">
                  <svg class=\\"scls__img scltw\\" role=\\"img\\" aria-hidden=\\"true\\">
                    <use xmlns:xlink=\\"http://www.w3.org/1999/xlink\\" xlink:href=\\"img/sprite-inline.svg?v4#scltw\\"></use>
                  </svg>
                </a>
              </li>
              <li class=\\"scls__item\\">
                <a href=\\"https://youtube.com/c/ReactConferences\\" target=\\"_blank\\" class=\\"scls__link\\">
                  <svg class=\\"scls__img sclyt\\" role=\\"img\\" aria-hidden=\\"true\\">
                    <use xmlns:xlink=\\"http://www.w3.org/1999/xlink\\" xlink:href=\\"img/sprite-inline.svg?v4#sclyt\\"></use>
                  </svg>
                </a>
              </li>
              <li class=\\"scls__item\\">
                <a href=\\"https://www.facebook.com/ReactAdvanced\\" target=\\"_blank\\" class=\\"scls__link\\">
                  <svg class=\\"scls__img sclfb\\" role=\\"img\\" aria-hidden=\\"true\\">
                    <use xmlns:xlink=\\"http://www.w3.org/1999/xlink\\" xlink:href=\\"img/sprite-inline.svg?v4#sclfb\\"></use>
                  </svg>
                </a>
              </li>
              <li class=\\"scls__item\\">
                <a href=\\"https://medium.com/@ReactAdvanced\\" target=\\"_blank\\" class=\\"scls__link\\">
                  <svg class=\\"scls__img sclmed\\" role=\\"img\\" aria-hidden=\\"true\\">
                    <use xmlns:xlink=\\"http://www.w3.org/1999/xlink\\" xlink:href=\\"img/sprite-inline.svg?v4#sclmed\\"></use>
                  </svg>
                </a>
              </li>
            </ul>
          </div>
        </div>
      </header><!-- .header -->
      <main class=\\"content\\">
        <section class=\\"section\\">
          <div class=\\"container\\">
            <div class=\\"section__head\\">
              <div class=\\"section__head-l\\">
                <h3 class=\\"section__title with-dots\\">
                  <span class=\\"initial\\"><span>C</span></span>ode of conduct </h3>
              </div>
              <div class=\\"section__head-r\\">
                <p class=\\"section__desc\\"> All attendees, speakers, sponsors and volunteers at React Advanced Conference and Meetups are required to follow this Code of Conduct. Organisers will strictly enforce it throughout the events and community gatherings. We expect cooperation from all participants to help ensure a safe environment for everybody.<br /><br /> In case you have identified a breach of our CoC, please approach our crew (organizers and volunteers in branded t-shirts) immediately or contact our CoC enforcement team - <a href=\\"mailto:coc@gitnation.org\\">coc@gitnation.org</a>, +44 7376 237 299. </p>
              </div>
            </div>
            <article class=\\"article\\">
              <h3>The Short Version</h3>
              <p>Our conference is dedicated to providing a harassment-free conference experience for everyone, regardless of gender, gender identity and expression, age, sexual orientation, disability, physical appearance, body size, race, ethnicity, religion (or lack thereof), or technology choices.</p>
              <p>We do not tolerate harassment of conference participants in any form. Sexual language and imagery is not appropriate for any conference venue, including talks, workshops, parties, Twitter and other online media. </p>
              <p>Conference participants violating these rules may be sanctioned or expelled from the conference without a refund at the discretion of the conference organisers.</p>
              <h3>The Long Version</h3>
              <p>Harassment includes offensive verbal comments related to gender, gender identity and expression, age, sexual orientation, disability, physical appearance, body size, race, ethnicity, religion, technology choices, sexual images in public spaces, deliberate intimidation, stalking, following, harassing photography or recording, sustained disruption of talks or other events, inappropriate physical contact, and unwelcome sexual attention.</p>
              <p>Participants asked to stop any harassing behavior are expected to comply immediately.</p>
              <p>Sponsors are also subject to the anti-harassment policy. In particular, sponsors should not use sexualised images, activities, or other material. Booth staff (including volunteers) should not use sexualised clothing/uniforms/costumes, or otherwise create a sexualised environment.</p>
              <p>If a participant engages in harassing behavior, the conference organisers may take any action they deem appropriate, including warning the offender or expulsion from the conference with no refund.</p>
              <p>If you are being harassed, notice that someone else is being harassed, or have any other concerns, please contact a member of conference staff immediately. Conference staff can be identified as they'll be wearing branded clothing and/or badges.</p>
              <p>Conference staff will be happy to help participants contact hotel/venue security or local law enforcement, provide escorts, or otherwise assist those experiencing harassment to feel safe for the duration of the conference. We value your attendance.</p>
              <p>We expect participants to follow these rules at conference and workshop venues and conference-related social events.</p>
              <p>Original source and credit: <a href=\\"http://2012.jsconf.us/#/about\\">http://2012.jsconf.us/#/about</a> & The Ada Initiative</p>
              <p>Please help by translating or improving: <a href=\\"http://github.com/leftlogic/confcodeofconduct.com\\">http://github.com/leftlogic/confcodeofconduct.com</a></p>
              <p>This work is licensed under a Creative Commons Attribution 3.0 Unported License</p>
            </article>
          </div>
        </section>
        <section class=\\"section follow-us tall\\" id=\\"contacts\\">
          <div class=\\"follow-us__decor-pipe\\"></div>
          <div class=\\"follow-us__decor-fish\\"></div>
          <div class=\\"follow-us__decor-sub\\"></div>
          <div class=\\"container\\">
            <div class=\\"section__head\\">
              <div class=\\"section__head-l\\">
                <h3 class=\\"section__title\\">
                  <span class=\\"initial\\"><span>F</span></span>ollow us for updates </h3>
                <ul class=\\"scls\\">
                  <li class=\\"scls__item\\">
                    <a href=\\"http://twitter.com/reactadvanced\\" target=\\"_blank\\" class=\\"scls__link\\">
                      <svg class=\\"scls__img soctw\\" role=\\"img\\" aria-hidden=\\"true\\">
                        <use xmlns:xlink=\\"http://www.w3.org/1999/xlink\\" xlink:href=\\"img/sprite-inline.svg?v4#scltw\\"></use>
                      </svg>
                    </a>
                  </li>
                  <li class=\\"scls__item\\">
                    <a href=\\"https://youtube.com/c/ReactConferences\\" target=\\"_blank\\" class=\\"scls__link\\">
                      <svg class=\\"scls__img socyt\\" role=\\"img\\" aria-hidden=\\"true\\">
                        <use xmlns:xlink=\\"http://www.w3.org/1999/xlink\\" xlink:href=\\"img/sprite-inline.svg?v4#sclyt\\"></use>
                      </svg>
                    </a>
                  </li>
                  <li class=\\"scls__item\\">
                    <a href=\\"https://www.facebook.com/ReactAdvanced\\" target=\\"_blank\\" class=\\"scls__link\\">
                      <svg class=\\"scls__img socfb\\" role=\\"img\\" aria-hidden=\\"true\\">
                        <use xmlns:xlink=\\"http://www.w3.org/1999/xlink\\" xlink:href=\\"img/sprite-inline.svg?v4#sclfb\\"></use>
                      </svg>
                    </a>
                  </li>
                  <li class=\\"scls__item\\">
                    <a href=\\"https://medium.com/@ReactAdvanced\\" target=\\"_blank\\" class=\\"scls__link\\">
                      <svg class=\\"scls__img socmed\\" role=\\"img\\" aria-hidden=\\"true\\">
                        <use xmlns:xlink=\\"http://www.w3.org/1999/xlink\\" xlink:href=\\"img/sprite-inline.svg?v4#sclmed\\"></use>
                      </svg>
                    </a>
                  </li>
                </ul>
              </div>
              <div class=\\"section__head-r\\">
                <form class=\\"subscribe-form\\" action=\\"https://reactadvanced.us20.list-manage.com/subscribe/post?u=60e415b507eefaffa4de40e02&amp;id=7ac7afeb1f\\" method=\\"post\\" id=\\"mc-embedded-subscribe-form\\" name=\\"mc-embedded-subscribe-form\\" target=\\"_blank\\" novalidate>
                  <p class=\\"subscribe-form__title\\">Subscribe for conference email updates to hear about the latest news and special deals:</p>
                  <div class=\\"subscribe-form__input-wrap\\">
                    <input class=\\"subscribe-form__input\\" type=\\"email\\" name=\\"EMAIL\\" id=\\"mce-EMAIL\\" placeholder=\\"your@email\\" />
                    <button class=\\"subscribe-form__submit basic-btn\\" type=\\"submit\\" name=\\"subscribe\\" id=\\"mc-embedded-subscribe\\">
                      <div class=\\"basic-btn__inner\\">
                        <div class=\\"basic-btn__arr-l\\">
                          <svg class=\\"basic-btn__arrow\\" role=\\"img\\" aria-hidden=\\"true\\">
                            <use xmlns:xlink=\\"http://www.w3.org/1999/xlink\\" xlink:href=\\"img/sprite-inline.svg?v4#arrow_r\\"></use>
                          </svg>
                        </div>
                        <div class=\\"basic-btn__text\\">Subscribe</div>
                        <div class=\\"basic-btn__arr-r\\">
                          <svg class=\\"basic-btn__arrow\\" role=\\"img\\" aria-hidden=\\"true\\">
                            <use xmlns:xlink=\\"http://www.w3.org/1999/xlink\\" xlink:href=\\"img/sprite-inline.svg?v4#arrow_r\\"></use>
                          </svg>
                        </div>
                      </div>
                    </button>
                  </div>
                  <div style=\\"position: absolute; left: -5000px;\\" aria-hidden=\\"true\\"><input type=\\"text\\" name=\\"b_60e415b507eefaffa4de40e02_7ac7afeb1f\\" tabindex=\\"-1\\" value=\\"\\" /></div>
                </form>
              </div>
            </div>
          </div>
        </section>
      </main>
      <footer class=\\"footer\\">
        <div class=\\"container\\">
          <div class=\\"f-logo\\">
            <a href=\\"https://gitnation.org\\" target=\\"_blank\\">
              <div class=\\"f-logo__desc\\">
                <p class=\\"f-logo__by\\">Event by</p>
                <p class=\\"f-logo__org\\">GitNation</p>
              </div>
            </a>
          </div>
          <div class=\\"nav\\">
            <li class=\\"nav__item\\">
              <a class=\\"nav__link js-scroll-to\\" href=\\"/sponsors\\">Sponsorship opportunities</a>
            </li>
            <li class=\\"nav__item\\">
              <a class=\\"nav__link js-scroll-to\\" href=\\"/coc\\">Code of conduct</a>
            </li>
            <li class=\\"nav__item\\">
              <a class=\\"nav__link js-scroll-to\\" href=\\"mailto:hi@reactadvanced.com\\">Email us!</a>
            </li>
            <!--				<li class=\\"nav__item\\">-->
            <!--					<a class=\\"nav__link js-scroll-to\\" href=\\"/faq\\">FAQ</a>-->
            <!--				</li>-->
          </div>
          <div class=\\"f-logo__dummy\\"></div>
          <a class=\\"f-reserve basic-btn btn-green\\" href=\\"https://ti.to/gitnation/react-advanced-conference-2020\\">
            <div class=\\"basic-btn__inner\\">
              <div class=\\"basic-btn__arr-l\\">
                <svg class=\\"basic-btn__arrow\\" role=\\"img\\" aria-hidden=\\"true\\">
                  <use xmlns:xlink=\\"http://www.w3.org/1999/xlink\\" xlink:href=\\"img/sprite-inline.svg?v4#arrow_r\\"></use>
                </svg>
              </div> Tickets <div class=\\"basic-btn__arr-r\\">
                <svg class=\\"basic-btn__arrow\\" role=\\"img\\" aria-hidden=\\"true\\">
                  <use xmlns:xlink=\\"http://www.w3.org/1999/xlink\\" xlink:href=\\"img/sprite-inline.svg?v4#arrow_r\\"></use>
                </svg>
              </div>
            </div>
          </a>
        </div>
      </footer><!-- .footer -->
    </div>
    <script type=\\"text/javascript\\">
      var _gauges = _gauges || [];
      (function()
      {
        var t = document.createElement('script');
        t.type = 'text/javascript';
        t.async = true;
        t.id = 'gauges-tracker';
        t.setAttribute('data-site-id', '5ca4d31d67e90a079f05add6');
        t.setAttribute('data-track-path', 'https://track.gaug.es/track.gif');
        t.src = 'https://d2fuc4clr7gvcn.cloudfront.net/track.js';
        var s = document.getElementsByTagName('script')[0];
        s.parentNode.insertBefore(t, s);
      })();

    </script>
    <!-- Facebook Pixel Code -->
    <script>
      ! function(f, b, e, v, n, t, s)
      {
        if (f.fbq) return;
        n = f.fbq = function()
        {
          n.callMethod ? n.callMethod.apply(n, arguments) : n.queue.push(arguments)
        };
        if (!f._fbq) f._fbq = n;
        n.push = n;
        n.loaded = !0;
        n.version = '2.0';
        n.queue = [];
        t = b.createElement(e);
        t.async = !0;
        t.src = v;
        s = b.getElementsByTagName(e)[0];
        s.parentNode.insertBefore(t, s)
      }(window, document, 'script', 'https://connect.facebook.net/en_US/fbevents.js');
      fbq('init', '1374905195888955');
      fbq('track', 'PageView');

    </script>
    <noscript><img height=\\"1\\" width=\\"1\\" style=\\"display:none\\" src=\\"https://www.facebook.com/tr?id=1374905195888955&ev=PageView&noscript=1\\" /></noscript>
    <!-- End Facebook Pixel Code -->
    <!-- Twitter universal website tag code -->
    <script>
      ! function(e, t, n, s, u, a)
      {
        e.twq || (s = e.twq = function()
        {
          s.exe ? s.exe.apply(s, arguments) : s.queue.push(arguments);
        }, s.version = '1.1', s.queue = [], u = t.createElement(n), u.async = !0, u.src = '//static.ads-twitter.com/uwt.js', a = t.getElementsByTagName(n)[0], a.parentNode.insertBefore(u, a))
      }(window, document, 'script');
      // Insert Twitter Pixel ID and Standard Event data below
      twq('init', 'o2en6');
      twq('track', 'PageView');

    </script>
    <!-- End Twitter universal website tag code -->
    <script src=\\"https://ajax.googleapis.com/ajax/libs/jquery/1.9.1/jquery.min.js\\"></script>
    <script src=\\"js/app3088bb.js\\"></script>
  </body>
</html>
"
`;
